// Jest Snapshot v1, https://goo.gl/fbAQLP

exports[`MovieDetailsPage Snapshot renders 1`] = `
<div
  className="main_container"
>
  <Connect(withRouter(Header)) />
  <Connect(MoviesGrid) />
  <Footer />
</div>
`;
