// Jest Snapshot v1, https://goo.gl/fbAQLP

exports[`Search Snapshot snapshot render 1`] = `<Connect(HeaderTop) />`;
