// Jest Snapshot v1, https://goo.gl/fbAQLP

exports[`MoviesList Snapshot snapshot 1`] = `
<MemoryRouter>
  <withRouter(Connect(MoviesGrid))
    fetchFilmsByGenre={[Function]}
    fetchFilmsBySearch={[Function]}
  />
</MemoryRouter>
`;
