// Jest Snapshot v1, https://goo.gl/fbAQLP

exports[`Footer Footer renders correctly 1`] = `
<footer
  className="main_container_footer"
>
  <span
    className="main_container_footer_films"
  >
    FILMS
  </span>
  <span
    className="main_container_footer_copyright"
  >
    Copyright Â© 
    2018
     FILMS. 
    <span
      className="main_container_footer_copyright_signature"
    >
      IHAR KARPUK
    </span>
  </span>
</footer>
`;
