// Jest Snapshot v1, https://goo.gl/fbAQLP

exports[`App renders correctly 1`] = `
<span
  className="copyright_signature"
>
  IHAR KARPUK
</span>
`;
