// Jest Snapshot v1, https://goo.gl/fbAQLP

exports[`Root renders correctly 1`] = `
<div
  className="main_container"
>
  <Header />
  <Footer />
</div>
`;
