// Jest Snapshot v1, https://goo.gl/fbAQLP

exports[`App renders correctly 1`] = `
<Switch>
  <Route
    component={[Function]}
    exact={true}
    path="/"
  />
  <Route
    component={[Function]}
    exact={true}
    path="/films/:film"
  />
  <Route
    component={[Function]}
    exact={true}
    path="/films"
  />
  <Route
    component={[Function]}
    exact={true}
    path="/search"
  />
  <Route
    component={[Function]}
    exact={true}
    path="/:sort"
  />
  <Route
    component={[Function]}
    exact={true}
    path="/genre"
  />
</Switch>
`;
